{"delta":"new","record":{"kind":"diagnostic","suite":"suite-b","code":"type.return","severity":"error","file":"worker.lua","span":{"start_line":2,"start_col":1},"message":"returned value 2 comes from any/unknown; no proof shows it satisfies declared return type string?"}}
{"delta":"removed","record":{"kind":"diagnostic","suite":"suite-z","code":"type.assignment","severity":"error","file":"main.lua","span":{"start_line":7,"start_col":2},"message":"cannot assign gone because assigned value is number, not string"}}
{"delta":"changed","baseline":{"kind":"diagnostic","suite":"suite-a","code":"type.call","severity":"error","file":"main.lua","span":{"start_line":4,"start_col":5},"message":"argument 1 is number, not string"},"current":{"kind":"diagnostic","suite":"suite-a","code":"type.call","severity":"error","file":"main.lua","span":{"start_line":4,"start_col":5},"message":"argument 1 is integer, not string"}}
